// Jest Snapshot v1, https://goo.gl/fbAQLP

exports[`MapPage shows snapshot 1`] = `
Array [
  <div
    id="map-container"
  >
    <div
      className="map-container"
      id="map"
    />
  </div>,
  <form
    className=""
    id="custom-switch"
  >
    <div
      className="me-1"
    >
      <p
        style={
          Object {
            "fontWeight": "bold",
            "margin": 0,
          }
        }
      >
        PÃ¥ stien
      </p>
    </div>
    <div
      className="ms-1 form-switch"
    >
      <input
        className="form-check-input"
        disabled={false}
        onClick={[Function]}
        type="checkbox"
      />
    </div>
  </form>,
  "",
]
`;
