// Jest Snapshot v1, https://goo.gl/fbAQLP

exports[`NotFound shows snapshot 1`] = `
<div
  id="background-modal-notfound"
/>
`;
