// Jest Snapshot v1, https://goo.gl/fbAQLP

exports[`NotLoggedIn shows snapshot 1`] = `null`;
